[demo.hasthemes.com/autima-preview/autima/index.html]
[backblue.gif]
[fade.gif]
[index.html]
[demo.hasthemes.com/autima-preview/autima/assets/img/favicon.ico]
[demo.hasthemes.com/autima-preview/autima/assets/css/bootstrap.min.css]
[demo.hasthemes.com/autima-preview/autima/assets/css/owl.carousel.min.css]
[demo.hasthemes.com/autima-preview/autima/assets/css/slick.css]
[demo.hasthemes.com/autima-preview/autima/assets/css/magnific-popup.css]
[demo.hasthemes.com/autima-preview/autima/assets/css/font.awesome.css]
[demo.hasthemes.com/autima-preview/autima/assets/css/ionicons.min.css]
[demo.hasthemes.com/autima-preview/autima/assets/css/animate.css]
[demo.hasthemes.com/autima-preview/autima/assets/css/jquery-ui.min.css]
[demo.hasthemes.com/autima-preview/autima/assets/css/slinky.menu.css]
[demo.hasthemes.com/autima-preview/autima/assets/css/plugins.css]
[demo.hasthemes.com/autima-preview/autima/assets/css/style.css]
[demo.hasthemes.com/autima-preview/autima/assets/js/vendor/modernizr-3.7.1.min.js]
[demo.hasthemes.com/autima-preview/autima/checkout.html]
[demo.hasthemes.com/autima-preview/autima/my-account.html]
[demo.hasthemes.com/autima-preview/autima/cart.html]
[demo.hasthemes.com/autima-preview/autima/assets/img/logo/language.png]
[demo.hasthemes.com/autima-preview/autima/wishlist.html]
[demo.hasthemes.com/autima-preview/autima/assets/img/logo/language2.png]
[demo.hasthemes.com/autima-preview/autima/assets/img/logo/logo.png]
[demo.hasthemes.com/autima-preview/autima/assets/img/s-product/product.jpg]
[demo.hasthemes.com/autima-preview/autima/assets/img/s-product/product2.jpg]
[demo.hasthemes.com/autima-preview/autima/index-2.html]
[demo.hasthemes.com/autima-preview/autima/index-3.html]
[demo.hasthemes.com/autima-preview/autima/index-4.html]
[demo.hasthemes.com/autima-preview/autima/index-5.html]
[demo.hasthemes.com/autima-preview/autima/index-6.html]
[demo.hasthemes.com/autima-preview/autima/index-7.html]
[demo.hasthemes.com/autima-preview/autima/shop.html]
[demo.hasthemes.com/autima-preview/autima/shop-fullwidth.html]
[demo.hasthemes.com/autima-preview/autima/shop-fullwidth-list.html]
[demo.hasthemes.com/autima-preview/autima/shop-right-sidebar.html]
[demo.hasthemes.com/autima-preview/autima/shop-list.html]
[demo.hasthemes.com/autima-preview/autima/shop-right-sidebar-list.html]
[demo.hasthemes.com/autima-preview/autima/product-details.html]
[demo.hasthemes.com/autima-preview/autima/404.html]
[demo.hasthemes.com/autima-preview/autima/product-sidebar.html]
[demo.hasthemes.com/autima-preview/autima/product-grouped.html]
[demo.hasthemes.com/autima-preview/autima/assets/img/bg/banner1.jpg]
[demo.hasthemes.com/autima-preview/autima/variable-product.html]
[demo.hasthemes.com/autima-preview/autima/blog.html]
[demo.hasthemes.com/autima-preview/autima/blog-details.html]
[demo.hasthemes.com/autima-preview/autima/blog-fullwidth.html]
[demo.hasthemes.com/autima-preview/autima/blog-sidebar.html]
[demo.hasthemes.com/autima-preview/autima/about.html]
[demo.hasthemes.com/autima-preview/autima/services.html]
[demo.hasthemes.com/autima-preview/autima/faq.html]
[demo.hasthemes.com/autima-preview/autima/login.html]
[demo.hasthemes.com/autima-preview/autima/compare.html]
[demo.hasthemes.com/autima-preview/autima/privacy-policy.html]
[demo.hasthemes.com/autima-preview/autima/coming-soon.html]
[demo.hasthemes.com/autima-preview/autima/assets/img/bg/banner2.jpg]
[demo.hasthemes.com/autima-preview/autima/contact.html]
[demo.hasthemes.com/autima-preview/autima/shop-left-sidebar.html]
[demo.hasthemes.com/autima-preview/autima/assets/img/slider/slider1.jpg]
[demo.hasthemes.com/autima-preview/autima/assets/img/slider/slider2.jpg]
[demo.hasthemes.com/autima-preview/autima/assets/img/slider/slider3.jpg]
[demo.hasthemes.com/autima-preview/autima/assets/img/about/shipping1.png]
[demo.hasthemes.com/autima-preview/autima/assets/img/about/shipping2.png]
[demo.hasthemes.com/autima-preview/autima/assets/img/about/shipping3.png]
[demo.hasthemes.com/autima-preview/autima/assets/img/about/shipping4.png]
[demo.hasthemes.com/autima-preview/autima/assets/img/product/product1.jpg]
[demo.hasthemes.com/autima-preview/autima/assets/img/product/product2.jpg]
[demo.hasthemes.com/autima-preview/autima/assets/img/product/product3.jpg]
[demo.hasthemes.com/autima-preview/autima/assets/img/product/product4.jpg]
[demo.hasthemes.com/autima-preview/autima/assets/img/product/product5.jpg]
[demo.hasthemes.com/autima-preview/autima/assets/img/product/product6.jpg]
[demo.hasthemes.com/autima-preview/autima/assets/img/product/product7.jpg]
[demo.hasthemes.com/autima-preview/autima/assets/img/product/product8.jpg]
[demo.hasthemes.com/autima-preview/autima/assets/img/product/product9.jpg]
[demo.hasthemes.com/autima-preview/autima/assets/img/product/product10.jpg]
[demo.hasthemes.com/autima-preview/autima/assets/img/product/product11.jpg]
[demo.hasthemes.com/autima-preview/autima/assets/img/product/product12.jpg]
[demo.hasthemes.com/autima-preview/autima/assets/img/product/product13.jpg]
[demo.hasthemes.com/autima-preview/autima/assets/img/product/product14.jpg]
[demo.hasthemes.com/autima-preview/autima/assets/img/product/product15.jpg]
[demo.hasthemes.com/autima-preview/autima/assets/img/product/product16.jpg]
[demo.hasthemes.com/autima-preview/autima/assets/img/product/product17.jpg]
[demo.hasthemes.com/autima-preview/autima/assets/img/product/product18.jpg]
[demo.hasthemes.com/autima-preview/autima/assets/img/featured/featured.jpg]
[demo.hasthemes.com/autima-preview/autima/assets/img/featured/featured1.jpg]
[demo.hasthemes.com/autima-preview/autima/assets/img/featured/featured2.jpg]
[demo.hasthemes.com/autima-preview/autima/assets/img/featured/featured3.jpg]
[demo.hasthemes.com/autima-preview/autima/assets/img/featured/featured4.jpg]
[demo.hasthemes.com/autima-preview/autima/assets/img/featured/featured5.jpg]
[demo.hasthemes.com/autima-preview/autima/assets/img/bg/banner3.jpg]
[demo.hasthemes.com/autima-preview/autima/assets/img/bg/banner4.jpg]
[demo.hasthemes.com/autima-preview/autima/assets/img/product/product19.jpg]
[demo.hasthemes.com/autima-preview/autima/assets/img/brand/brand.png]
[demo.hasthemes.com/autima-preview/autima/assets/img/brand/brand1.png]
[demo.hasthemes.com/autima-preview/autima/assets/img/brand/brand2.png]
[demo.hasthemes.com/autima-preview/autima/assets/img/brand/brand3.png]
[demo.hasthemes.com/autima-preview/autima/assets/img/brand/brand4.png]
[demo.hasthemes.com/autima-preview/autima/assets/img/icon/payment.png]
[demo.hasthemes.com/autima-preview/autima/assets/js/vendor/jquery-3.4.1.min.js]
[demo.hasthemes.com/autima-preview/autima/assets/js/popper.js]
[demo.hasthemes.com/autima-preview/autima/assets/js/bootstrap.min.js]
[demo.hasthemes.com/autima-preview/autima/assets/js/owl.carousel.min.js]
[demo.hasthemes.com/autima-preview/autima/assets/js/slick.min.js]
[demo.hasthemes.com/autima-preview/autima/assets/js/jquery.magnific-popup.min.js]
[demo.hasthemes.com/autima-preview/autima/assets/js/jquery.countdown.js]
[demo.hasthemes.com/autima-preview/autima/assets/js/jquery.ui.js]
[demo.hasthemes.com/autima-preview/autima/assets/js/jquery.elevatezoom.js]
[demo.hasthemes.com/autima-preview/autima/assets/js/isotope.pkgd.min.js]
[demo.hasthemes.com/autima-preview/autima/assets/js/slinky.menu.js]
[demo.hasthemes.com/autima-preview/autima/assets/js/plugins.js]
[demo.hasthemes.com/autima-preview/autima/index.html]
[demo.hasthemes.com/autima-preview/autima/assets/js/main.js]
[demo.hasthemes.com/autima-preview/autima/assets/css/bootstrap.min.css]
[demo.hasthemes.com/autima-preview/autima/assets/img/icon/owl.video.play.png]
[demo.hasthemes.com/autima-preview/autima/assets/css/owl.carousel.min.css]
[demo.hasthemes.com/autima-preview/autima/assets/css/slick.css]
[demo.hasthemes.com/autima-preview/autima/assets/css/magnific-popup.css]
[demo.hasthemes.com/autima-preview/autima/assets/fonts/fontawesome-webfont3e6e.eot]
[demo.hasthemes.com/autima-preview/autima/assets/fonts/fontawesome-webfontd41d.eot]
[demo.hasthemes.com/autima-preview/autima/assets/fonts/fontawesome-webfont3e6e.woff2]
[demo.hasthemes.com/autima-preview/autima/assets/fonts/fontawesome-webfont3e6e.woff]
[demo.hasthemes.com/autima-preview/autima/assets/fonts/fontawesome-webfont3e6e.ttf]
[demo.hasthemes.com/autima-preview/autima/assets/css/font.awesome.css]
[demo.hasthemes.com/autima-preview/autima/assets/fonts/fontawesome-webfont3e6e.svg]
[demo.hasthemes.com/autima-preview/autima/assets/fonts/ionicons28b5.eot]
[demo.hasthemes.com/autima-preview/autima/assets/fonts/ionicons28b5.ttf]
[demo.hasthemes.com/autima-preview/autima/assets/fonts/ionicons28b5.woff]
[demo.hasthemes.com/autima-preview/autima/assets/css/ionicons.min.css]
[demo.hasthemes.com/autima-preview/autima/assets/css/animate.css]
[demo.hasthemes.com/autima-preview/autima/assets/css/jquery-ui.min.css]
[demo.hasthemes.com/autima-preview/autima/assets/css/slinky.menu.css]
[demo.hasthemes.com/autima-preview/autima/assets/fonts/ionicons28b5.svg]
[demo.hasthemes.com/autima-preview/autima/assets/fonts/Linearicons-Free54e9.eot]
[demo.hasthemes.com/autima-preview/autima/assets/fonts/Linearicons-Freed41d.eot]
[demo.hasthemes.com/autima-preview/autima/assets/fonts/Linearicons-Free54e9.woff2]
[demo.hasthemes.com/autima-preview/autima/assets/fonts/Linearicons-Free54e9.woff]
[demo.hasthemes.com/autima-preview/autima/assets/fonts/Linearicons-Free54e9.ttf]
[demo.hasthemes.com/autima-preview/autima/assets/css/plugins.css]
[demo.hasthemes.com/autima-preview/autima/assets/fonts/Linearicons-Free54e9.svg]
[demo.hasthemes.com/autima-preview/autima/assets/img/about/testimonial.jpg]
[demo.hasthemes.com/autima-preview/autima/assets/img/icon/bkg_grid.png]
[demo.hasthemes.com/autima-preview/autima/assets/img/icon/bkg_grid_hover.png]
[demo.hasthemes.com/autima-preview/autima/assets/img/icon/bkg_grid4.png]
[demo.hasthemes.com/autima-preview/autima/assets/img/icon/bkg_grid4_hover.png]
[demo.hasthemes.com/autima-preview/autima/assets/img/icon/bkg_list.png]
[demo.hasthemes.com/autima-preview/autima/assets/img/icon/bkg_list_hover.png]
[demo.hasthemes.com/autima-preview/autima/assets/img/bg/coming-soon.jpg]
[demo.hasthemes.com/autima-preview/autima/assets/css/style.css]
[demo.hasthemes.com/autima-preview/autima/assets/img/icon/papyel.png]
[demo.hasthemes.com/autima-preview/autima/checkout.html]
[demo.hasthemes.com/autima-preview/autima/my-account.html]
[demo.hasthemes.com/autima-preview/autima/assets/img/s-product/product5.jpg]
[demo.hasthemes.com/autima-preview/autima/cart.html]
[demo.hasthemes.com/autima-preview/autima/wishlist.html]
[demo.hasthemes.com/autima-preview/autima/assets/img/slider/slider4.jpg]
[demo.hasthemes.com/autima-preview/autima/assets/img/slider/slider5.jpg]
[demo.hasthemes.com/autima-preview/autima/assets/img/slider/slider6.jpg]
[demo.hasthemes.com/autima-preview/autima/assets/img/bg/banner5.jpg]
[demo.hasthemes.com/autima-preview/autima/index-2.html]
[demo.hasthemes.com/autima-preview/autima/assets/img/slider/slider7.jpg]
[demo.hasthemes.com/autima-preview/autima/assets/img/slider/slider8.jpg]
[demo.hasthemes.com/autima-preview/autima/assets/img/slider/slider9.jpg]
[demo.hasthemes.com/autima-preview/autima/assets/img/bg/banner6.jpg]
[demo.hasthemes.com/autima-preview/autima/index-3.html]
[demo.hasthemes.com/autima-preview/autima/assets/img/slider/slider10.jpg]
[demo.hasthemes.com/autima-preview/autima/assets/img/slider/slider11.jpg]
[demo.hasthemes.com/autima-preview/autima/assets/img/slider/slider12.jpg]
[demo.hasthemes.com/autima-preview/autima/assets/img/bg/banner7.jpg]
[demo.hasthemes.com/autima-preview/autima/assets/img/blog/blog1.jpg]
[demo.hasthemes.com/autima-preview/autima/assets/img/blog/blog2.jpg]
[demo.hasthemes.com/autima-preview/autima/assets/img/blog/blog3.jpg]
[demo.hasthemes.com/autima-preview/autima/assets/img/blog/blog4.jpg]
[demo.hasthemes.com/autima-preview/autima/assets/img/blog/blog5.jpg]
[demo.hasthemes.com/autima-preview/autima/index-4.html]
[demo.hasthemes.com/autima-preview/autima/assets/img/bg/slider-banner-1.jpg]
[demo.hasthemes.com/autima-preview/autima/assets/img/bg/slider-banner-2.jpg]
[demo.hasthemes.com/autima-preview/autima/assets/img/bg/slider-banner-3.jpg]
[demo.hasthemes.com/autima-preview/autima/index-5.html]
[demo.hasthemes.com/autima-preview/autima/assets/img/bg/new-banner.jpg]
[demo.hasthemes.com/autima-preview/autima/index-6.html]
[demo.hasthemes.com/autima-preview/autima/index-7.html]
[demo.hasthemes.com/autima-preview/autima/assets/img/bg/banner9.jpg]
[demo.hasthemes.com/autima-preview/autima/assets/img/bg/banner8.jpg]
[demo.hasthemes.com/autima-preview/autima/shop.html]
[demo.hasthemes.com/autima-preview/autima/shop-fullwidth.html]
[demo.hasthemes.com/autima-preview/autima/shop-fullwidth-list.html]
[demo.hasthemes.com/autima-preview/autima/shop-right-sidebar.html]
[demo.hasthemes.com/autima-preview/autima/shop-right-sidebar-list.html]
[demo.hasthemes.com/autima-preview/autima/shop-list.html]
[demo.hasthemes.com/autima-preview/autima/404.html]
[demo.hasthemes.com/autima-preview/autima/assets/img/blog/comment2.jpg]
[demo.hasthemes.com/autima-preview/autima/product-details.html]
[demo.hasthemes.com/autima-preview/autima/product-sidebar.html]
[demo.hasthemes.com/autima-preview/autima/product-grouped.html]
[demo.hasthemes.com/autima-preview/autima/variable-product.html]
[demo.hasthemes.com/autima-preview/autima/assets/img/blog/blog6.jpg]
[demo.hasthemes.com/autima-preview/autima/assets/img/blog/blog7.jpg]
[demo.hasthemes.com/autima-preview/autima/assets/img/blog/blog8.jpg]
[demo.hasthemes.com/autima-preview/autima/assets/img/blog/blog9.jpg]
[demo.hasthemes.com/autima-preview/autima/blog.html]
[demo.hasthemes.com/autima-preview/autima/assets/img/blog/blog-big1.jpg]
[demo.hasthemes.com/autima-preview/autima/assets/img/blog/comment3.png.jpg]
[demo.hasthemes.com/autima-preview/autima/assets/img/blog/blog12.jpg]
[demo.hasthemes.com/autima-preview/autima/assets/img/blog/blog13.jpg]
[demo.hasthemes.com/autima-preview/autima/assets/img/blog/blog14.jpg]
[demo.hasthemes.com/autima-preview/autima/assets/img/blog/blog15.jpg]
[demo.hasthemes.com/autima-preview/autima/assets/img/blog/comment.png]
[demo.hasthemes.com/autima-preview/autima/blog-details.html]
[demo.hasthemes.com/autima-preview/autima/assets/img/blog/blog-big2.jpg]
[demo.hasthemes.com/autima-preview/autima/assets/img/blog/blog-big3.jpg]
[demo.hasthemes.com/autima-preview/autima/assets/img/blog/blog-big4.jpg]
[demo.hasthemes.com/autima-preview/autima/blog-fullwidth.html]
[demo.hasthemes.com/autima-preview/autima/blog-sidebar.html]
[demo.hasthemes.com/autima-preview/autima/assets/img/about/about1.jpg]
[demo.hasthemes.com/autima-preview/autima/assets/img/about/About_icon1.jpg]
[demo.hasthemes.com/autima-preview/autima/assets/img/about/About_icon2.jpg]
[demo.hasthemes.com/autima-preview/autima/assets/img/about/About_icon3.jpg]
[demo.hasthemes.com/autima-preview/autima/assets/img/service/services2.jpg]
[demo.hasthemes.com/autima-preview/autima/assets/img/service/services1.jpg]
[demo.hasthemes.com/autima-preview/autima/assets/img/service/services3.jpg]
[demo.hasthemes.com/autima-preview/autima/assets/img/about/testimonial4.jpg]
[demo.hasthemes.com/autima-preview/autima/assets/img/about/testimonial5.jpg]
[demo.hasthemes.com/autima-preview/autima/assets/img/about/testimonial6.png]
[demo.hasthemes.com/autima-preview/autima/about.html]
[demo.hasthemes.com/autima-preview/autima/assets/img/service/services4.jpg]
[demo.hasthemes.com/autima-preview/autima/services.html]
[demo.hasthemes.com/autima-preview/autima/faq.html]
[demo.hasthemes.com/autima-preview/autima/login.html]
[demo.hasthemes.com/autima-preview/autima/compare.html]
[demo.hasthemes.com/autima-preview/autima/privacy-policy.html]
[demo.hasthemes.com/autima-preview/autima/assets/img/logo/logo-5.png]
[demo.hasthemes.com/autima-preview/autima/coming-soon.html]
[demo.hasthemes.com/autima-preview/autima/contact.html]
[demo.hasthemes.com/autima-preview/autima/shop-left-sidebar.html]
[demo.hasthemes.com/autima-preview/autima/assets/fonts/fontawesome-webfont3e6e.svg]
[demo.hasthemes.com/autima-preview/autima/assets/fonts/ionicons28b5.svg]
[demo.hasthemes.com/autima-preview/autima/assets/fonts/Linearicons-Free54e9.svg]
[demo.hasthemes.com/autima-preview/autima/assets/js/map.js]
